main.c:99:5:main	24	static
main.c:189:6:SystemClock_Config	88	static
main.c:234:13:MX_TIM1_Init	56	static
main.c:284:13:MX_TIM2_Init	64	static
main.c:351:13:MX_TIM3_Init	64	static
main.c:414:13:MX_TIM4_Init	64	static
main.c:477:13:MX_TIM5_Init	32	static
main.c:522:13:MX_USART2_UART_Init	8	static
main.c:555:13:MX_GPIO_Init	48	static
main.c:588:7:EncoderVelocity_Update	48	static
main.c:620:6:HAL_TIM_PeriodElapsedCallback	16	static
main.c:625:10:micros	12	static
main.c:634:6:Error_Handler	4	static,ignoring_inline_asm
